001 - Kopya (2).png
001 - Kopya (3).png
001 - Kopya (4).png
001 - Kopya (5).png
001 - Kopya.png
001.png
002 - Kopya (2).png
002 - Kopya (3).png
002 - Kopya (4).png
002 - Kopya (5).png
002 - Kopya.png
002.png
003 - Kopya (2).png
003 - Kopya (3).png
003 - Kopya (4).png
003 - Kopya (5).png
003 - Kopya.png
003.png
004 - Kopya (2).png
004 - Kopya (3).png
004 - Kopya (4).png
004 - Kopya (5).png
004 - Kopya.png
004.png
005 - Kopya (2).png
005 - Kopya (3).png
005 - Kopya (4).png
005 - Kopya (5).png
005 - Kopya.png
005.png
006 - Kopya (2).png
006 - Kopya (3).png
006 - Kopya (4).png
006 - Kopya (5).png
006 - Kopya (6).png
006 - Kopya (7).png
006 - Kopya (8).png
006 - Kopya (9).png
006 - Kopya.png
006.png
007 - Kopya (2).png
007 - Kopya (3).png
007 - Kopya (4).png
007 - Kopya (5).png
007 - Kopya (6).png
007 - Kopya (7).png
007 - Kopya (8).png
007 - Kopya.png
007.png
008 - Kopya (2).png
008 - Kopya (3).png
008 - Kopya (4).png
008 - Kopya (5).png
008 - Kopya (6).png
008 - Kopya (7).png
008 - Kopya (8).png
008 - Kopya.png
008.png
009 - Kopya (2).png
009 - Kopya (3).png
009 - Kopya (4).png
009 - Kopya (5).png
009 - Kopya (6).png
009 - Kopya (7).png
009 - Kopya (8).png
009 - Kopya.png
009.png
010 - Kopya (2).png
010 - Kopya (3).png
010 - Kopya (4).png
010 - Kopya (5).png
010 - Kopya (6).png
010 - Kopya (7).png
010 - Kopya (8).png
010 - Kopya.png
010.png
011 - Kopya (2).png
011 - Kopya (3).png
011 - Kopya (4).png
011 - Kopya (5).png
011 - Kopya (6).png
011 - Kopya (7).png
011 - Kopya (8).png
011 - Kopya.png
011.png
012 - Kopya (2).png
012 - Kopya (3).png
012 - Kopya (4).png
012 - Kopya (5).png
012 - Kopya (6).png
012 - Kopya (7).png
012 - Kopya (8).png
012 - Kopya.png
012.png
013 - Kopya (2).png
013 - Kopya (3).png
013 - Kopya (4).png
013 - Kopya (5).png
013 - Kopya (6).png
013 - Kopya (7).png
013 - Kopya (8).png
013 - Kopya.png
013.png
014 - Kopya (2).png
014 - Kopya (3).png
014 - Kopya (4).png
014 - Kopya (5).png
014 - Kopya (6).png
014 - Kopya (7).png
014 - Kopya (8).png
014 - Kopya.png
014.png
015 - Kopya (2).png
015 - Kopya (3).png
015 - Kopya (4).png
015 - Kopya (5).png
015 - Kopya (6).png
015 - Kopya (7).png
015 - Kopya (8).png
015 - Kopya.png
015.png
016 - Kopya (2).png
016 - Kopya (3).png
016 - Kopya (4).png
016 - Kopya (5).png
016 - Kopya (6).png
016 - Kopya (7).png
016 - Kopya (8).png
016 - Kopya.png
016.png
017 - Kopya (2).png
017 - Kopya (3).png
017 - Kopya (4).png
017 - Kopya (5).png
017 - Kopya (6).png
017 - Kopya (7).png
017 - Kopya (8).png
017 - Kopya.png
017.png
018 - Kopya (2).png
018 - Kopya (3).png
018 - Kopya (4).png
018 - Kopya (5).png
018 - Kopya (6).png
018 - Kopya (7).png
018 - Kopya (8).png
018 - Kopya.png
018.png
019 - Kopya (2).png
019 - Kopya (3).png
019 - Kopya (4).png
019 - Kopya (5).png
019 - Kopya (6).png
019 - Kopya (7).png
019 - Kopya (8).png
019 - Kopya.png
019.png
020 - Kopya (2).png
020 - Kopya (3).png
020 - Kopya (4).png
020 - Kopya (5).png
020 - Kopya (6).png
020 - Kopya (7).png
020 - Kopya.png
020.png
021 - Kopya (2).png
021 - Kopya (3).png
021 - Kopya (4).png
021 - Kopya (5).png
021 - Kopya (6).png
021 - Kopya.png
021.png
022 - Kopya (2).png
022 - Kopya (3).png
022 - Kopya (4).png
022 - Kopya (5).png
022 - Kopya (6).png
022 - Kopya.png
022.png
023 - Kopya (2).png
023 - Kopya (3).png
023 - Kopya (4).png
023 - Kopya (5).png
023 - Kopya (6).png
023 - Kopya.png
023.png
024 - Kopya (2).png
024 - Kopya (3).png
024 - Kopya (4).png
024 - Kopya (5).png
024 - Kopya (6).png
024 - Kopya.png
024.png
025 - Kopya (2).png
025 - Kopya (3).png
025 - Kopya (4).png
025 - Kopya (5).png
025 - Kopya (6).png
025 - Kopya.png
025.png
026 - Kopya (2).png
026 - Kopya (3).png
026 - Kopya (4).png
026 - Kopya (5).png
026 - Kopya (6).png
026 - Kopya.png
026.png
027 - Kopya (2).png
027 - Kopya (3).png
027 - Kopya (4).png
027 - Kopya (5).png
027 - Kopya (6).png
027 - Kopya.png
027.png
028 - Kopya (2).png
028 - Kopya (3).png
028 - Kopya (4).png
028 - Kopya (5).png
028 - Kopya.png
028.png
029 - Kopya (2).png
029 - Kopya (3).png
029 - Kopya (4).png
029 - Kopya (5).png
029 - Kopya.png
029.png
